Collecting flash-attn==2.7.4.post1
  Downloading flash_attn-2.7.4.post1.tar.gz (6.0 MB)
     ━━━━━━━━━━━━━━━━━━━━━━━━━━━━━━━━━━━━━━━━ 6.0/6.0 MB 50.9 MB/s  0:00:00
  Preparing metadata (pyproject.toml): started
  Preparing metadata (pyproject.toml): finished with status 'done'
Requirement already satisfied: torch in /local1/stsj/miniconda3/envs/gigatok_vlm/lib/python3.10/site-packages (from flash-attn==2.7.4.post1) (2.5.1+cu121)
Requirement already satisfied: einops in /local1/stsj/miniconda3/envs/gigatok_vlm/lib/python3.10/site-packages (from flash-attn==2.7.4.post1) (0.8.2)
Requirement already satisfied: filelock in /local1/stsj/miniconda3/envs/gigatok_vlm/lib/python3.10/site-packages (from torch->flash-attn==2.7.4.post1) (3.29.0)
Requirement already satisfied: typing-extensions>=4.8.0 in /local1/stsj/miniconda3/envs/gigatok_vlm/lib/python3.10/site-packages (from torch->flash-attn==2.7.4.post1) (4.15.0)
Requirement already satisfied: networkx in /local1/stsj/miniconda3/envs/gigatok_vlm/lib/python3.10/site-packages (from torch->flash-attn==2.7.4.post1) (3.4.2)
Requirement already satisfied: jinja2 in /local1/stsj/miniconda3/envs/gigatok_vlm/lib/python3.10/site-packages (from torch->flash-attn==2.7.4.post1) (3.1.6)
Requirement already satisfied: fsspec in /local1/stsj/miniconda3/envs/gigatok_vlm/lib/python3.10/site-packages (from torch->flash-attn==2.7.4.post1) (2026.2.0)
Requirement already satisfied: nvidia-cuda-nvrtc-cu12==12.1.105 in /local1/stsj/miniconda3/envs/gigatok_vlm/lib/python3.10/site-packages (from torch->flash-attn==2.7.4.post1) (12.1.105)
Requirement already satisfied: nvidia-cuda-runtime-cu12==12.1.105 in /local1/stsj/miniconda3/envs/gigatok_vlm/lib/python3.10/site-packages (from torch->flash-attn==2.7.4.post1) (12.1.105)
Requirement already satisfied: nvidia-cuda-cupti-cu12==12.1.105 in /local1/stsj/miniconda3/envs/gigatok_vlm/lib/python3.10/site-packages (from torch->flash-attn==2.7.4.post1) (12.1.105)
Requirement already satisfied: nvidia-cudnn-cu12==9.1.0.70 in /local1/stsj/miniconda3/envs/gigatok_vlm/lib/python3.10/site-packages (from torch->flash-attn==2.7.4.post1) (9.1.0.70)
Requirement already satisfied: nvidia-cublas-cu12==12.1.3.1 in /local1/stsj/miniconda3/envs/gigatok_vlm/lib/python3.10/site-packages (from torch->flash-attn==2.7.4.post1) (12.1.3.1)
Requirement already satisfied: nvidia-cufft-cu12==11.0.2.54 in /local1/stsj/miniconda3/envs/gigatok_vlm/lib/python3.10/site-packages (from torch->flash-attn==2.7.4.post1) (11.0.2.54)
Requirement already satisfied: nvidia-curand-cu12==10.3.2.106 in /local1/stsj/miniconda3/envs/gigatok_vlm/lib/python3.10/site-packages (from torch->flash-attn==2.7.4.post1) (10.3.2.106)
Requirement already satisfied: nvidia-cusolver-cu12==11.4.5.107 in /local1/stsj/miniconda3/envs/gigatok_vlm/lib/python3.10/site-packages (from torch->flash-attn==2.7.4.post1) (11.4.5.107)
Requirement already satisfied: nvidia-cusparse-cu12==12.1.0.106 in /local1/stsj/miniconda3/envs/gigatok_vlm/lib/python3.10/site-packages (from torch->flash-attn==2.7.4.post1) (12.1.0.106)
Requirement already satisfied: nvidia-nccl-cu12==2.21.5 in /local1/stsj/miniconda3/envs/gigatok_vlm/lib/python3.10/site-packages (from torch->flash-attn==2.7.4.post1) (2.21.5)
Requirement already satisfied: nvidia-nvtx-cu12==12.1.105 in /local1/stsj/miniconda3/envs/gigatok_vlm/lib/python3.10/site-packages (from torch->flash-attn==2.7.4.post1) (12.1.105)
Requirement already satisfied: triton==3.1.0 in /local1/stsj/miniconda3/envs/gigatok_vlm/lib/python3.10/site-packages (from torch->flash-attn==2.7.4.post1) (3.1.0)
Requirement already satisfied: sympy==1.13.1 in /local1/stsj/miniconda3/envs/gigatok_vlm/lib/python3.10/site-packages (from torch->flash-attn==2.7.4.post1) (1.13.1)
Requirement already satisfied: nvidia-nvjitlink-cu12 in /local1/stsj/miniconda3/envs/gigatok_vlm/lib/python3.10/site-packages (from nvidia-cusolver-cu12==11.4.5.107->torch->flash-attn==2.7.4.post1) (12.9.86)
Requirement already satisfied: mpmath<1.4,>=1.1.0 in /local1/stsj/miniconda3/envs/gigatok_vlm/lib/python3.10/site-packages (from sympy==1.13.1->torch->flash-attn==2.7.4.post1) (1.3.0)
Requirement already satisfied: MarkupSafe>=2.0 in /local1/stsj/miniconda3/envs/gigatok_vlm/lib/python3.10/site-packages (from jinja2->torch->flash-attn==2.7.4.post1) (3.0.3)
Building wheels for collected packages: flash-attn
  Building wheel for flash-attn (pyproject.toml): started
  Building wheel for flash-attn (pyproject.toml): finished with status 'error'
  error: subprocess-exited-with-error
  
  × Building wheel for flash-attn (pyproject.toml) did not run successfully.
  │ exit code: 1
  ╰─> [24 lines of output]
      /homes/gws/stsj/miniconda3/envs/gigatok_vlm/lib/python3.10/site-packages/wheel/bdist_wheel.py:4: FutureWarning: The 'wheel' package is no longer the canonical location of the 'bdist_wheel' command, and will be removed in a future release. Please update to setuptools v70.1 or later which contains an integrated version of this command.
        warn(
      /homes/gws/stsj/miniconda3/envs/gigatok_vlm/lib/python3.10/site-packages/setuptools/dist.py:765: SetuptoolsDeprecationWarning: License classifiers are deprecated.
      !!
      
              ********************************************************************************
              Please consider removing the following classifiers in favor of a SPDX license expression:
      
              License :: OSI Approved :: BSD License
      
              See https://packaging.python.org/en/latest/guides/writing-pyproject-toml/#license for details.
              ********************************************************************************
      
      !!
        self._finalize_license_expression()
      
      
      torch.__version__  = 2.5.1+cu121
      
      
      running bdist_wheel
      Guessing wheel URL:  https://github.com/Dao-AILab/flash-attention/releases/download/v2.7.4.post1/flash_attn-2.7.4.post1+cu12torch2.5cxx11abiFALSE-cp310-cp310-linux_x86_64.whl
      Raw wheel path /local1/stsj/.cache/pip/wheels/59/ce/d5/08ea07bfc16ba218dc65a3a7ef9b6a270530bcbd2cea2ee1ca/tmpwkne_7z0/.tmp-yrym2kpe/flash_attn-2.7.4.post1-cp310-cp310-linux_x86_64.whl
      error: [Errno 18] Invalid cross-device link: 'flash_attn-2.7.4.post1+cu12torch2.5cxx11abiFALSE-cp310-cp310-linux_x86_64.whl' -> '/local1/stsj/.cache/pip/wheels/59/ce/d5/08ea07bfc16ba218dc65a3a7ef9b6a270530bcbd2cea2ee1ca/tmpwkne_7z0/.tmp-yrym2kpe/flash_attn-2.7.4.post1-cp310-cp310-linux_x86_64.whl'
      [end of output]
  
  note: This error originates from a subprocess, and is likely not a problem with pip.
  ERROR: Failed building wheel for flash-attn
Failed to build flash-attn
error: failed-wheel-build-for-install

× Failed to build installable wheels for some pyproject.toml based projects
╰─> flash-attn
